Run echo "⚠️ Note: Audio hardware tests will fail in CI (no audio devices)"
⚠️ Note: Audio hardware tests will fail in CI (no audio devices)
Running tests...
'integration' is not recognized as an internal or external command,
operable program or batch file.
Tests completed with expected failures
Error: Process completed with exit code 1.